-7.942513942718506
-12.333942413330078
-3.000697374343872
3.1695821285247803
-14.738619804382324
7.824342250823975
-11.468461036682129
-4.637082099914551
-2.7407498359680176
-3.1586291790008545
