1.4073410170567513e-07
1.7427133069958245e-09
1.9706199964275584e-05
0.009425865486264229
1.5735779346215395e-10
0.990507960319519
4.140951581632635e-09
3.836456926364917e-06
2.5556231776135974e-05
1.6827290892251767e-05
